// Vitest Snapshot v1, https://vitest.dev/guide/snapshot.html

exports[`compileTemplate > tempalte 变量 事件 1`] = `"<template><a-card><a-form><a-form-item :label=\\"nodesState.aFormItem.label\\"><a-input :value=\\"nodesState.aInput.value\\" @change=\\"nodesState.aInput.change\\"></a-input></a-form-item><a-form-item :label=\\"nodesState.aFormItem_2.label\\"><a-input-number @change=\\"nodesState.aInputNumber.change\\"></a-input-number></a-form-item><a-form-item :label=\\"nodesState.aFormItem_3.label\\"><a-button :type=\\"nodesState.aButton.type\\" :size=\\"nodesState.aButton.size\\" :shape=\\"nodesState.aButton.shape\\" @click=\\"nodesState.aButton.undefined\\"><text :text=\\"nodesState.text.text\\"></text></a-button></a-form-item></a-form></a-card></template>"`;
