// Vitest Snapshot v1, https://vitest.dev/guide/snapshot.html

exports[`compileTemplate > tempalte 1`] = `"<template><a-card><template><a-form><template><a-form-item label=\\"nodesState.aFormItem.label\\"><template><a-input value=\\"nodesState.aInput.value\\" @change=\\"nodesState.aInput.change\\"></a-input></template></a-form-item><a-form-item label=\\"nodesState.aFormItem_2.label\\"><template><a-input @change=\\"nodesState.aInput_2.change\\"></a-input></template></a-form-item><a-form-item label=\\"nodesState.aFormItem_3.label\\"><template><a-button type=\\"nodesState.aButton.type\\" size=\\"nodesState.aButton.size\\" shape=\\"nodesState.aButton.shape\\" @click=\\"nodesState.aButton.undefined\\"><template><text></text></template></a-button></template></a-form-item></template></a-form></template></a-card></template>"`;
