// Vitest Snapshot v1, https://vitest.dev/guide/snapshot.html

exports[`declare > preprocessDeclare text 1`] = `
{
  "desc": "容器class",
  "extendPlatform": undefined,
  "id": "641a7052cf44f6204642b6bf",
  "key": "class",
  "name": "布局样式",
  "types": [
    {
      "type": "text",
    },
  ],
}
`;

exports[`declare > preprocessDeclare text 2`] = `
{
  "desc": "容器class",
  "extendPlatform": undefined,
  "id": "641a7052cf44f6204642b6bf",
  "key": "class",
  "name": "布局样式",
  "types": [
    {
      "type": "text",
    },
  ],
}
`;
