// Vitest Snapshot v1, https://vitest.dev/guide/snapshot.html

exports[`compile apis > compileApis 1`] = `
[
  {
    "path": "src/api/chuangjianyonghu.ts",
    "token": "export function chuangjianyonghu(data) {
  return axios({
    method: \\"post\\",
    url: \\"chuangjianyonghu\\",
    data: data
  });
}",
  },
  {
    "path": "src/api/chaxunsuoyouyonghu.ts",
    "token": "export function chaxunsuoyouyonghu(data) {
  return axios({
    method: \\"post\\",
    url: \\"chaxunsuoyouyonghu\\",
    data: data
  });
}",
  },
]
`;
