// Vitest Snapshot v1, https://vitest.dev/guide/snapshot.html

exports[`compile apis > compileApis 1`] = `
[
  {
    "path": "src/apis/chuangjianyonghu.ts",
    "token": "import axios from \\"axios\\";
export function chuangjianyonghu(data) {
  return axios({
    method: \\"post\\",
    url: \\"chuangjianyonghu\\",
    data: data
  });
}",
  },
  {
    "path": "src/apis/chaxunsuoyouyonghu.ts",
    "token": "import axios from \\"axios\\";
export function chaxunsuoyouyonghu(data) {
  return axios({
    method: \\"post\\",
    url: \\"chaxunsuoyouyonghu\\",
    data: data
  });
}",
  },
]
`;

exports[`compile apis > compileRequestInstance 1`] = `
[
  {
    "path": "src/utils/axios.ts",
    "token": "import axios from \\"axios\\";
const instance = axios.create({
  timeout: 6000,
  baseURL: \\"\\",
  headers: {}
});
instance.interceptors.request.use(function (config) {
  return config;
}, function (error) {
  return error.reject(error);
});
instance.interceptors.response.use(function (response) {
  return response.data;
}, function (error) {
  return error.reject(error);
});
export default instance;",
  },
]
`;
